
------ file D:\Dev1\Major\src\AddressLists.mod
_TEXT   10000 AddressLists_NameMatch
_TEXT   10120 AddressLists_CreateAddressList
_TEXT   10160 AddressLists_DiscardAddressList
_TEXT   101E0 AddressLists_EmptyList
_TEXT   10210 AddressLists_AddRecipient
_TEXT   102A0 AddressLists_RemoveRecipient
_TEXT   10370 AddressLists_IsOnList
_TEXT   103F0 AddressLists_MemberFlags
_TEXT   10490 AddressLists_GetDigestMembers
_TEXT   10710 AddressLists_EncodeList
_TEXT   10890 AddressLists_FirstOnList
_TEXT   10920 AddressLists_NextOnList
_TEXT   109A0 AddressLists_SetBatchLimit
_TEXT   109C0 AddressLists_FirstGroup
_TEXT   10A00 AddressLists_NextGroup
_TEXT   10A40 AddressLists_MergeAndResave
_TEXT   10F20 AddressLists_BEGIN

------ file D:\Dev1\Major\src\Archives.mod
_TEXT   10F50 Archives_SetLoggingLanguage
_TEXT   10F60 Archives_SetArchiveRoot
_TEXT   10FC0 Archives_FileListing
_TEXT   11150 Archives_AppendFromArchive
_TEXT   11240 Archives_RegisterArchive
_TEXT   11480 Archives_DeregisterArchive
_TEXT   11550 Archives_AddToArchive
_TEXT   115E0 Archives_AppendDigest
_TEXT   121F0 Archives_BEGIN

------ file D:\pmos2\src\Base64.mod
_TEXT   12330 Base64_Encode
_TEXT   12560 Base64_Decode
_TEXT   12760 Base64_BEGIN

------ file D:\Dev1\Major\src\Commands.mod
_TEXT   12780 Commands_SetOurName
_TEXT   127F0 Commands_SetHelpFileName
_TEXT   12830 Commands_CreateRequester
_TEXT   12910 Commands_CloseRequester
_TEXT   12B70 Commands_DoCommand
_TEXT   12FB0 Commands_PlainTextNeeded
_TEXT   13E80 Commands_BEGIN

------ file D:\pmos2\src\Conversions.mod
_TEXT   13F30 Conversions_atoi
_TEXT   13F80 Conversions_StringToHex
_TEXT   140D0 Conversions_StringToCardinal
_TEXT   14120 Conversions_StringToLongCard
_TEXT   14210 Conversions_StringToCard64
_TEXT   14320 Conversions_StringToReal
_TEXT   143B0 Conversions_StringToLongReal
_TEXT   145F0 Conversions_HexToChar
_TEXT   14640 Conversions_HexByteToString
_TEXT   146B0 Conversions_HexToString
_TEXT   14720 Conversions_LongHexToString
_TEXT   14780 Conversions_ShortCardToString
_TEXT   147A0 Conversions_CardinalToString
_TEXT   147C0 Conversions_LongCardToString
_TEXT   148A0 Conversions_Card64ToString
_TEXT   14990 Conversions_RealToString
_TEXT   149C0 Conversions_LongRealToString
_TEXT   14B50 Conversions_CardinalToStringLJ
_TEXT   14BA0 Conversions_Card64ToStringLJ
_TEXT   14C00 Conversions_RealToF
_TEXT   14C30 Conversions_LongRealToF
_TEXT   154A0 Conversions_BEGIN

------ file D:\pmos2\src\Exceptq.mod
_TEXT   154D0 Exceptq_EqSetInfo
_TEXT   15580 Exceptq_InstallExceptq
_TEXT   155C0 Exceptq_UninstallExceptq
_TEXT   15770 Exceptq_BEGIN

------ file D:\pmos2\src\FileOps.mod
_TEXT   157C0 FileOps_FreeSpace
_TEXT   15860 FileOps_GetCurrentDirectory
_TEXT   158C0 FileOps_GetEXEDirectory
_TEXT   15950 FileOps_OpenOldFile
_TEXT   15A40 FileOps_OpenNewFile
_TEXT   15B20 FileOps_OpenNewFile1
_TEXT   15B80 FileOps_OpenNewHiddenFile
_TEXT   15BE0 FileOps_OpenAtEnd
_TEXT   15CA0 FileOps_CloseFile
_TEXT   15CC0 FileOps_Flush
_TEXT   15CE0 FileOps_HideFile
_TEXT   15D50 FileOps_Exists
_TEXT   15DE0 FileOps_DeleteFile
_TEXT   15E40 FileOps_MoveFile
_TEXT   15ED0 FileOps_CopyFile
_TEXT   15F70 FileOps_AppendFile
_TEXT   16010 FileOps_CurrentPosition
_TEXT   16080 FileOps_StartPosition
_TEXT   160A0 FileOps_EndPosition
_TEXT   16180 FileOps_SetPosition
_TEXT   161E0 FileOps_GetFileSize
_TEXT   162A0 FileOps_SetFileSize
_TEXT   16300 FileOps_ReadRaw
_TEXT   16320 FileOps_ReadLine
_TEXT   163C0 FileOps_WriteRaw
_TEXT   163F0 FileOps_WriteRawV
_TEXT   16450 FileOps_FWriteChar
_TEXT   16470 FileOps_FWriteString
_TEXT   164E0 FileOps_FWriteLn
_TEXT   16500 FileOps_FWriteHexByte
_TEXT   16530 FileOps_FWriteCard
_TEXT   16570 FileOps_FWriteCard64
_TEXT   165B0 FileOps_FWriteZCard
_TEXT   16610 FileOps_FWriteLJCard
_TEXT   16640 FileOps_FWriteLJCard64
_TEXT   16680 FileOps_FirstDirEntry
_TEXT   16730 FileOps_NextDirEntry
_TEXT   16760 FileOps_DirSearchDone
_TEXT   16780 FileOps_GetProgName
_TEXT   17110 FileOps_BEGIN

------ file D:\pmos2\src\HMAC.mod
_TEXT   17160 HMAC_HMAC_MD5
_TEXT   17360 HMAC_HMAC_SHA1
_TEXT   17560 HMAC_BEGIN

------ file D:\Dev1\Major\..\general\src\Heap.mod
_TEXT   17590 Heap_ALLOCATE
_TEXT   175E0 Heap_DEALLOCATE
_TEXT   17620 Heap_StartTracking
_TEXT   176E0 Heap_TrackUpdate
_TEXT   17770 Heap_BEGIN

------ file D:\Dev1\Major\..\general\src\INIData.mod
_TEXT   177F0 INIData_OpenINIFile
_TEXT   178F0 INIData_CreateINIFile
_TEXT   179E0 INIData_INIValid
_TEXT   179F0 INIData_CloseINIFile
_TEXT   17A30 INIData_ItemSize
_TEXT   17B00 INIData_INIGetTrusted
_TEXT   17BD0 INIData_INIGet
_TEXT   17D00 INIData_INIGetString
_TEXT   17E00 INIData_INIPut
_TEXT   17EB0 INIData_INIPutBinary
_TEXT   17F80 INIData_INIPutString
_TEXT   18000 INIData_GetStringList
_TEXT   18110 INIData_NextString
_TEXT   181C0 INIData_CloseStringList
_TEXT   181F0 INIData_INIDeleteApp
_TEXT   18230 INIData_INIRenameApp
_TEXT   18280 INIData_INIDeleteKey
_TEXT   18310 INIData_OurDirectory
_TEXT   18330 INIData_SetInitialWindowPosition
_TEXT   18500 INIData_SetInitialWindowSize
_TEXT   18630 INIData_SetFont
_TEXT   18780 INIData_StoreWindowPosition
_TEXT   18930 INIData_StoreWindowSize
_TEXT   18A60 INIData_StoreFont
_TEXT   18BB0 INIData_GetProgramDirectory
_TEXT   18BD0 INIData_SetWorkingDirectory
_TEXT   19080 INIData_BEGIN

------ file D:\Dev1\Major\..\general\src\Inet2Misc.mod
_TEXT   190D0 Inet2Misc_EVAL
_TEXT   19120 Inet2Misc_StringMatch
_TEXT   191D0 Inet2Misc_ToLower
_TEXT   19240 Inet2Misc_SplitArg
_TEXT   193C0 Inet2Misc_NameIsNumeric
_TEXT   19470 Inet2Misc_IPToString
_TEXT   19580 Inet2Misc_AddressToHostName
_TEXT   195F0 Inet2Misc_WaitForSocket
_TEXT   19620 Inet2Misc_Synch
_TEXT   196F0 Inet2Misc_StringToIP
_TEXT   197C0 Inet2Misc_Swap2
_TEXT   197E0 Inet2Misc_Swap4
_TEXT   19800 Inet2Misc_ConvertCard
_TEXT   19890 Inet2Misc_HexEncodeArray
_TEXT   19960 Inet2Misc_DecodeHex
_TEXT   19A20 Inet2Misc_DecodeHexString
_TEXT   19B30 Inet2Misc_AddEOL
_TEXT   19BA0 Inet2Misc_LockScreen
_TEXT   19BB0 Inet2Misc_UnlockScreen
_TEXT   19DC0 Inet2Misc_BEGIN

------ file D:\Dev1\Major\..\inet\src\InetUtilities.mod
_TEXT   19E00 InetUtilities_Swap2
_TEXT   19E20 InetUtilities_Swap4
_TEXT   19E40 InetUtilities_ToLower
_TEXT   19EB0 InetUtilities_AppendString
_TEXT   19F60 InetUtilities_ConvertCard
_TEXT   19FF0 InetUtilities_ConvertCard64
_TEXT   1A090 InetUtilities_ConvertCardRJ
_TEXT   1A120 InetUtilities_ConvertCard64RJ
_TEXT   1A1C0 InetUtilities_ConvertCardZ
_TEXT   1A280 InetUtilities_AppendCard
_TEXT   1A2D0 InetUtilities_ConvertDecimal
_TEXT   1A350 InetUtilities_ConvertDecimal64
_TEXT   1A420 InetUtilities_AddEOL
_TEXT   1A490 InetUtilities_CurrentTimeToString
_TEXT   1A590 InetUtilities_NameIsNumeric
_TEXT   1A640 InetUtilities_IPToString
_TEXT   1A750 InetUtilities_LockScreen
_TEXT   1A760 InetUtilities_UnlockScreen
_TEXT   1A770 InetUtilities_WriteCard
_TEXT   1A7C0 InetUtilities_GetLastError
_TEXT   1A7E0 InetUtilities_Synch
_TEXT   1A7F0 InetUtilities_WaitForSocket
_TEXT   1A820 InetUtilities_WaitForDataSocket
_TEXT   1A880 InetUtilities_OpenLogFile
_TEXT   1A8E0 InetUtilities_CloseLogFile
_TEXT   1AB70 InetUtilities_BEGIN

------ file D:\pmos2\src\LONGLONG.mod
_TEXT   1ABF0 LONGLONG_Compare64
_TEXT   1AC60 LONGLONG_Add64
_TEXT   1ACB0 LONGLONG_Sub64
_TEXT   1AD00 LONGLONG_ShortSub
_TEXT   1AD50 LONGLONG_Sum64
_TEXT   1ADF0 LONGLONG_Diff64
_TEXT   1AF00 LONGLONG_Mul64
_TEXT   1B180 LONGLONG_ShortMul64
_TEXT   1B1D0 LONGLONG_LongDiv64
_TEXT   1B2E0 LONGLONG_ShortDiv
_TEXT   1B320 LONGLONG_Div10
_TEXT   1B350 LONGLONG_FLOAT64
_TEXT   1B390 LONGLONG_ORDL
_TEXT   1B440 LONGLONG_BEGIN

------ file D:\Dev1\Major\..\general\src\Languages.mod
_TEXT   1B460 Languages_SetDefaultLanguage
_TEXT   1B4C0 Languages_LanguageSupported
_TEXT   1B5C0 Languages_UseLanguage
_TEXT   1B6C0 Languages_DropLanguage
_TEXT   1B750 Languages_LanguageCode
_TEXT   1B7C0 Languages_StrToBuffer
_TEXT   1B830 Languages_StrToBufferA
_TEXT   1B8D0 Languages_StrToBufferAB
_TEXT   1B9B0 Languages_StrToBufferN
_TEXT   1BA20 Languages_StrToBufferAN
_TEXT   1BAD0 Languages_LWriteString
_TEXT   1BB30 Languages_LWriteStringA
_TEXT   1BBD0 Languages_LWriteStringAB
_TEXT   1BCB0 Languages_LWriteStringN
_TEXT   1CE20 Languages_BEGIN

------ file D:\Dev1\Major\src\ListAdmin.mod
_TEXT   1CEB0 ListAdmin_SetAdminName
_TEXT   1CFA0 ListAdmin_ProcessAdminRequests
_TEXT   1D8E0 ListAdmin_BEGIN

------ file D:\Dev1\Major\src\ListChecker.mod
_TEXT   1D940 ListChecker_SetININame
_TEXT   1D9B0 ListChecker_SetOurDomainName
_TEXT   1DA00 ListChecker_SetAdministratorAddress
_TEXT   1DA60 ListChecker_MainLanguage
_TEXT   1DC30 ListChecker_CreateList
_TEXT   1DEB0 ListChecker_ListName
_TEXT   1DEF0 ListChecker_ListLanguage
_TEXT   1DF30 ListChecker_MailUserIDof
_TEXT   1DF80 ListChecker_RegisterAllLists
_TEXT   1E120 ListChecker_RecheckMailForAllLists
_TEXT   1E170 ListChecker_IdentifyList
_TEXT   1E240 ListChecker_IsOwner
_TEXT   1E290 ListChecker_IsMember
_TEXT   1E2E0 ListChecker_AddMember
_TEXT   1E5F0 ListChecker_RemoveMember
_TEXT   1E790 ListChecker_ConfirmationRequired
_TEXT   1E7B0 ListChecker_SendConfirmationRequest
_TEXT   1E980 ListChecker_AddConfirmationEntry
_TEXT   1EAA0 ListChecker_DoConfirmation
_TEXT   1EC30 ListChecker_AppendFromFile
_TEXT   1EF50 ListChecker_WhoIsLegal
_TEXT   1EFB0 ListChecker_DoWho
_TEXT   1F090 ListChecker_ListLists
_TEXT   1F2D0 ListChecker_ReturnIndex
_TEXT   22D40 ListChecker_BEGIN

------ file D:\Dev1\major\src\LogLevel.mod
_TEXT   22EB0 LogLevel_BEGIN

------ file D:\pmos2\src\LowLevel.mod
_TEXT   22ED0 LowLevel_EVAL
_TEXT   22F20 LowLevel_Assert
_TEXT   22F80 LowLevel_ALLOCATE64
_TEXT   23010 LowLevel_IAND
_TEXT   23020 LowLevel_IANDB
_TEXT   23040 LowLevel_IOR
_TEXT   23050 LowLevel_IORB
_TEXT   23070 LowLevel_IXOR
_TEXT   23080 LowLevel_IXORB
_TEXT   230A0 LowLevel_INOT
_TEXT   230C0 LowLevel_INOTB
_TEXT   230F0 LowLevel_ROL
_TEXT   23110 LowLevel_ROLB
_TEXT   23130 LowLevel_LS
_TEXT   23160 LowLevel_LSB
_TEXT   23190 LowLevel_ROR
_TEXT   231C0 LowLevel_RORB
_TEXT   231F0 LowLevel_RS
_TEXT   23230 LowLevel_RSB
_TEXT   23270 LowLevel_Far
_TEXT   23280 LowLevel_MakePointer
_TEXT   232A0 LowLevel_SEGMENT
_TEXT   232B0 LowLevel_FarSEGMENT
_TEXT   232C0 LowLevel_OFFSET
_TEXT   232E0 LowLevel_AddOffset
_TEXT   232F0 LowLevel_SubtractOffset
_TEXT   23300 LowLevel_FarAddOffset
_TEXT   23310 LowLevel_FarSubtractOffset
_TEXT   23320 LowLevel_LowByte
_TEXT   23340 LowLevel_HighByte
_TEXT   23360 LowLevel_MakeWord
_TEXT   23380 LowLevel_SignExtend
_TEXT   23390 LowLevel_LowWord
_TEXT   233B0 LowLevel_HighWord
_TEXT   233D0 LowLevel_MakeLongword
_TEXT   233F0 LowLevel_INCV
_TEXT   23440 LowLevel_INCVB
_TEXT   23480 LowLevel_DECV
_TEXT   234C0 LowLevel_DECVB
_TEXT   23510 LowLevel_Mul
_TEXT   23530 LowLevel_MulB
_TEXT   23550 LowLevel_IMul
_TEXT   23570 LowLevel_IMulB
_TEXT   235B0 LowLevel_DivB
_TEXT   235D0 LowLevel_Div
_TEXT   23600 LowLevel_Copy
_TEXT   23630 LowLevel_FarCopy
_TEXT   23660 LowLevel_CopyUp
_TEXT   236C0 LowLevel_BlockFill
_TEXT   236E0 LowLevel_BlockFillWord
_TEXT   23720 LowLevel_BEGIN

------ file D:\pmos2\src\MD5.mod
_TEXT   23740 MD5_MD5Init
_TEXT   23790 MD5_MD5Update
_TEXT   23890 MD5_MD5Final
_TEXT   23960 MD5_MD5DigestToString
_TEXT   24680 MD5_BEGIN

------ file D:\Dev1\major\src\MMV.mod
_TEXT   246C0 MMV_BEGIN

------ file D:\Dev1\Major\..\inet\src\MXCheck.mod
_TEXT   246E0 MXCheck_DoMXLookup
_TEXT   25010 MXCheck_BEGIN

------ file D:\Dev1\Major\src\MailFetcher.mod
_TEXT   25040 MailFetcher_EnableLocalOperation
_TEXT   25120 MailFetcher_DisableLocalOperation
_TEXT   25140 MailFetcher_RegisterMailUser
_TEXT   25200 MailFetcher_UnregisterMailUser
_TEXT   25250 MailFetcher_SetLoginInfo
_TEXT   25300 MailFetcher_FirstItem
_TEXT   25350 MailFetcher_DeleteFirstItem
_TEXT   255D0 MailFetcher_BEGIN

------ file D:\Dev1\Major\src\MailOut.mod
_TEXT   25610 MailOut_SetLocalOperation
_TEXT   256A0 MailOut_DeliverItem
_TEXT   25B10 MailOut_BEGIN

------ file D:\Dev1\Major\src\Major.mod
_TEXT   270D0 main

------ file D:\Dev1\Major\src\Misc.mod
_TEXT   27380 Misc_AppendCard
_TEXT   273D0 Misc_WinSetDlgItemCard
_TEXT   27440 Misc_WinQueryDlgItemCard
_TEXT   27480 Misc_HeadMatch
_TEXT   27590 Misc_ExtractEmailAddress
_TEXT   277C0 Misc_MakeNewFilename
_TEXT   278E0 Misc_OpenNewOutputFile
_TEXT   27AE0 Misc_BEGIN

------ file D:\Dev1\major\..\general\src\MyClock.mod
_TEXT   27B30 MyClock_CorrectToGMT
_TEXT   27C40 MyClock_StringToPackedDateTime
_TEXT   27ED0 MyClock_PackedDateTimeToString
_TEXT   28100 MyClock_CurrentDateAndTime
_TEXT   28130 MyClock_PackedCurrentDateTime
_TEXT   281E0 MyClock_CurrentTimeToString
_TEXT   28210 MyClock_AppendDateString
_TEXT   28240 MyClock_AppendDateTimeString
_TEXT   28270 MyClock_AppendTimeString
_TEXT   28350 MyClock_AppendSyslogDateTimeString
_TEXT   28E10 MyClock_BEGIN

------ file D:\Dev1\major\..\general\src\Names.mod
_TEXT   28E40 Names_BEGIN

------ file D:\Dev1\Major\src\POPClient.mod
_TEXT   28E60 POPClient_SetServerAddress
_TEXT   28F50 POPClient_RegisterPOP3User
_TEXT   28FC0 POPClient_SetPOP3LoginDetails
_TEXT   29080 POPClient_DiscardPOP3User
_TEXT   290B0 POPClient_FetchFirstMessage
_TEXT   29190 POPClient_DeleteFirstMessage
_TEXT   29860 POPClient_BEGIN

------ file D:\Dev1\Major\src\ProgName.mod
_TEXT   298E0 ProgName_GetProgramName
_TEXT   29910 ProgName_BEGIN

------ file D:\Dev1\major\..\general\src\SBuffers.mod
_TEXT   29930 SBuffers_CreateSBuffer
_TEXT   299A0 SBuffers_CloseSBuffer
_TEXT   299E0 SBuffers_SetTimeout
_TEXT   29A10 SBuffers_SocketOf
_TEXT   29A30 SBuffers_SendRaw
_TEXT   29A50 SBuffers_SendLine
_TEXT   29AB0 SBuffers_SendLineL
_TEXT   29B10 SBuffers_SendString
_TEXT   29B70 SBuffers_SendChar
_TEXT   29BA0 SBuffers_SendEOL
_TEXT   29BD0 SBuffers_FlushOutput
_TEXT   29C20 SBuffers_Getch
_TEXT   29D00 SBuffers_GetLine
_TEXT   29D40 SBuffers_ResponseCode
_TEXT   29DE0 SBuffers_PositiveResponse
_TEXT   29E30 SBuffers_GetLastLine
_TEXT   2A280 SBuffers_BEGIN

------ file D:\pmos2\src\SHA1.mod
_TEXT   2A2C0 SHA1_SHA1Init
_TEXT   2A310 SHA1_SHA1Update
_TEXT   2A450 SHA1_SHA1Final
_TEXT   2A530 SHA1_SHA1DigestToString
_TEXT   2AA90 SHA1_BEGIN

------ file D:\Dev1\major\..\general\src\SMTPLogin.mod
_TEXT   2AAD0 SMTPLogin_DoLogin
_TEXT   2AE10 SMTPLogin_DoPOPLogin
_TEXT   2B630 SMTPLogin_BEGIN

------ file D:\Dev1\Major\src\SMTPOut.mod
_TEXT   2B680 SMTPOut_SetOurHostname
_TEXT   2B6A0 SMTPOut_SetSMTPAddress
_TEXT   2B710 SMTPOut_SetPSParameters
_TEXT   2B860 SMTPOut_MailOneMessage
_TEXT   2C3C0 SMTPOut_BEGIN

------ file D:\pmos2\src\Semaphores.mod
_TEXT   2C460 Semaphores_CreateSemaphore
_TEXT   2C4B0 Semaphores_DestroySemaphore
_TEXT   2C4E0 Semaphores_Wait
_TEXT   2C590 Semaphores_TimedWaitInternal
_TEXT   2C6D0 Semaphores_Signal
_TEXT   2C760 Semaphores_BEGIN

------ file D:\pmos2\src\SplitScreen.mod
_TEXT   2C780 SplitScreen_NotDetached
_TEXT   2C790 SplitScreen_LockScreen
_TEXT   2C7B0 SplitScreen_UnlockScreen
_TEXT   2C7D0 SplitScreen_SetBoundary
_TEXT   2C800 SplitScreen_ClearScreen
_TEXT   2C850 SplitScreen_ReleaseScreen
_TEXT   2C890 SplitScreen_RegainScreen
_TEXT   2C8E0 SplitScreen_WriteChar
_TEXT   2C900 SplitScreen_WriteString
_TEXT   2CA60 SplitScreen_WriteLn
_TEXT   2CB00 SplitScreen_SetCursor
_TEXT   2CB50 SplitScreen_WriteInt
_TEXT   2CB80 SplitScreen_WriteCard
_TEXT   2CBD0 SplitScreen_WriteStringAt
_TEXT   2CDC0 SplitScreen_BEGIN

------ file D:\Dev1\Major\..\general\src\TNIData.mod
_TEXT   2CE30 TNIData_OpenTNIFile
_TEXT   2CF70 TNIData_CreateTNIFile
_TEXT   2D030 TNIData_CloseTNIFile
_TEXT   2D0F0 TNIData_ItemSize
_TEXT   2D140 TNIData_INIGetTrusted
_TEXT   2D1F0 TNIData_INIGetString
_TEXT   2D2C0 TNIData_INIPutBinary
_TEXT   2D360 TNIData_INIDeleteApp
_TEXT   2D3F0 TNIData_INIDeleteKey
_TEXT   2FEC0 TNIData_BEGIN

------ file D:\pmos2\src\TaskControl.mod
_TEXT   2FF40 TaskControl_CreateTask
_TEXT   2FF80 TaskControl_CreateTask1
_TEXT   2FFC0 TaskControl_TaskExit
_TEXT   300B0 TaskControl_ThreadCount
_TEXT   300C0 TaskControl_Crash
_TEXT   30120 TaskControl_CreateLock
_TEXT   30150 TaskControl_DestroyLock
_TEXT   30180 TaskControl_Obtain
_TEXT   301B0 TaskControl_Release
_TEXT   301D0 TaskControl_CurrentTaskID
_TEXT   30200 TaskControl_SuspendMe
_TEXT   30260 TaskControl_ResumeTask
_TEXT   307C0 TaskControl_BEGIN

------ file D:\pmos2\src\Timer.mod
_TEXT   30840 Timer_Sleep
_TEXT   30860 Timer_TimedWait
_TEXT   30880 Timer_TimedWaitSpecial
_TEXT   308A0 Timer_BEGIN

------ file D:\Dev1\Major\..\general\src\TransLog.mod
_TEXT   308C0 TransLog_SetProcname
_TEXT   30960 TransLog_SetSyslogHost
_TEXT   30A00 TransLog_UpdateTopScreenLine
_TEXT   30AA0 TransLog_OpenLogContext
_TEXT   30AF0 TransLog_CloseLogContext
_TEXT   30B20 TransLog_StartTransactionLogging
_TEXT   30C90 TransLog_GetLogPrefix
_TEXT   30CC0 TransLog_DummyLogID
_TEXT   30CD0 TransLog_CreateLogID
_TEXT   30D60 TransLog_DiscardLogID
_TEXT   30D80 TransLog_LogTransaction
_TEXT   30E20 TransLog_LogTransactionL
_TEXT   31D70 TransLog_BEGIN

------ file D:\pmos2\src\Types.mod
_TEXT   31ED0 Types_BEGIN

------ file .\xstart.asm (library D:\XDS\lib\x86\xstart.lib)
_TEXT   31EF0 xStart
_TEXT   31F0C X2C_FINALLY
_TEXT   31F11 X2C_INIT_HISTORY
_TEXT   31F2B X2C_MODULE
_TEXT   31F40 X2C_GetMyHandle

------ file E:\XDSOS2\src\syslib\COROUTIN.mod (library D:\XDS\lib\x86\libxdsmt.lib)
_TEXT   31F50 COROUTINES_ATTACH
_TEXT   31F80 COROUTINES_CURRENT
_TEXT   31F90 COROUTINES_DETACH
_TEXT   31FE0 COROUTINES_HANDLER
_TEXT   31FF0 COROUTINES_IOTRANSFER
_TEXT   32010 COROUTINES_IsATTACHED
_TEXT   32030 COROUTINES_LISTEN
_TEXT   32050 COROUTINES_NEWCOROUTINE
_TEXT   32080 COROUTINES_PROT
_TEXT   32090 COROUTINES_TRANSFER
_TEXT   320B0 COROUTINES_BEGIN

------ file E:\XDSOS2\src\isoimp\ChanCons.mod (library D:\XDS\lib\x86\libxdsmt.lib)
_TEXT   32100 ChanConsts_BEGIN

------ file E:\XDSOS2\src\isoimp\CharClas.mod (library D:\XDS\lib\x86\libxdsmt.lib)
_TEXT   32120 CharClass_IsControl
_TEXT   32140 CharClass_IsLetter
_TEXT   32160 CharClass_IsLower
_TEXT   32180 CharClass_IsNumeric
_TEXT   321A0 CharClass_IsUpper
_TEXT   321C0 CharClass_IsWhiteSpace
_TEXT   321E0 CharClass_BEGIN

------ file E:\XDSOS2\src\ulib\CtrlC.mod (library D:\XDS\lib\x86\libxdsmt.lib)
_TEXT   32200 CtrlC_IsCtrlCException
_TEXT   32230 CtrlC_SetBreakHandler
_TEXT   32240 CtrlC_BEGIN

------ file E:\XDSOS2\src\syslib\EXCEPTIO.mod (library D:\XDS\lib\x86\libxdsmt.lib)
_TEXT   32270 EXCEPTIONS_AllocateSource
_TEXT   322D0 EXCEPTIONS_CurrentNumber
_TEXT   32340 EXCEPTIONS_GetMessage
_TEXT   32390 EXCEPTIONS_IsCurrentSource
_TEXT   323C0 EXCEPTIONS_IsExceptionalExecution
_TEXT   323E0 EXCEPTIONS_RAISE
_TEXT   32450 EXCEPTIONS_BEGIN

------ file E:\XDSOS2\src\ulib\FileSys.mod (library D:\XDS\lib\x86\libxdsmt.lib)
_TEXT   32470 FileSys_CloseDir
_TEXT   324A0 FileSys_CreateDirectory
_TEXT   324C0 FileSys_Exists
_TEXT   324E0 FileSys_FullName
_TEXT   32550 FileSys_GetCDName
_TEXT   32570 FileSys_GetCDNameLength
_TEXT   32580 FileSys_GetName
_TEXT   325A0 FileSys_ModifyTime
_TEXT   325D0 FileSys_NextDirEntry
_TEXT   32610 FileSys_OpenDir
_TEXT   326C0 FileSys_Remove
_TEXT   326F0 FileSys_RemoveDirectory
_TEXT   32710 FileSys_Rename
_TEXT   32760 FileSys_SetCD
_TEXT   329C0 FileSys_BEGIN

------ file E:\XDSOS2\src\isoimp\IOChan.mod (library D:\XDS\lib\x86\libxdsmt.lib)
_TEXT   329F0 IOChan_ChanException
_TEXT   32A00 IOChan_CurrentFlags
_TEXT   32A10 IOChan_DeviceError
_TEXT   32A20 IOChan_Flush
_TEXT   32A30 IOChan_GetName
_TEXT   32A50 IOChan_InvalidChan
_TEXT   32A60 IOChan_IsChanException
_TEXT   32A70 IOChan_Look
_TEXT   32A90 IOChan_RawRead
_TEXT   32AB0 IOChan_RawWrite
_TEXT   32AD0 IOChan_ReadResult
_TEXT   32AE0 IOChan_Reset
_TEXT   32AF0 IOChan_SetReadResult
_TEXT   32B00 IOChan_Skip
_TEXT   32B10 IOChan_SkipLook
_TEXT   32B30 IOChan_TextRead
_TEXT   32B50 IOChan_TextWrite
_TEXT   32B70 IOChan_WriteLn
_TEXT   32B80 IOChan_BEGIN

------ file E:\XDSOS2\src\isoimp\IOConsts.mod (library D:\XDS\lib\x86\libxdsmt.lib)
_TEXT   32BE0 IOConsts_BEGIN

------ file E:\XDSOS2\src\isoimp\IOLink.mod (library D:\XDS\lib\x86\libxdsmt.lib)
_TEXT   32C00 IOLink_AllocateDeviceId
_TEXT   32C10 IOLink_DeviceTablePtrValue
_TEXT   32C80 IOLink_IOException
_TEXT   32CB0 IOLink_IsDevice
_TEXT   32CD0 IOLink_IsIOException
_TEXT   32CE0 IOLink_MakeChan
_TEXT   32D30 IOLink_RAISEdevException
_TEXT   32DB0 IOLink_UnMakeChan
_TEXT   32FD0 IOLink_BEGIN

------ file E:\XDSOS2\src\syslib\M2EXCEPT.mod (library D:\XDS\lib\x86\libxdsmt.lib)
_TEXT   330C0 M2EXCEPTION_IsM2Exception
_TEXT   330F0 M2EXCEPTION_M2Exception
_TEXT   33160 M2EXCEPTION_BEGIN

------ file E:\XDSOS2\src\isoimp\Processe.mod (library D:\XDS\lib\x86\libxdsmt.lib)
_TEXT   33190 Processes_Activate
_TEXT   331C0 Processes_Attach
_TEXT   331F0 Processes_Create
_TEXT   33360 Processes_Detach
_TEXT   333D0 Processes_Handler
_TEXT   33440 Processes_IsAttached
_TEXT   33490 Processes_IsProcessesException
_TEXT   334A0 Processes_Me
_TEXT   334D0 Processes_MyParam
_TEXT   334E0 Processes_ProcessesException
_TEXT   334F0 Processes_Start
_TEXT   33520 Processes_StopMe
_TEXT   33580 Processes_SuspendMe
_TEXT   335B0 Processes_SuspendMeAndActivate
_TEXT   335D0 Processes_Switch
_TEXT   33600 Processes_UrgencyOf
_TEXT   33610 Processes_Wait
_TEXT   338F0 Processes_BEGIN

------ file E:\XDSOS2\src\isoimp\ProgramA.mod (library D:\XDS\lib\x86\libxdsmt.lib)
_TEXT   33920 ProgramArgs_ArgChan
_TEXT   33940 ProgramArgs_IsArgPresent
_TEXT   339E0 ProgramArgs_NextArg
_TEXT   33D30 ProgramArgs_BEGIN

------ file E:\XDSOS2\src\isoimp\STextIO.mod (library D:\XDS\lib\x86\libxdsmt.lib)
_TEXT   33DA0 STextIO_ReadChar
_TEXT   33DC0 STextIO_ReadRestLine
_TEXT   33DE0 STextIO_ReadString
_TEXT   33E00 STextIO_ReadToken
_TEXT   33E20 STextIO_SkipLine
_TEXT   33E30 STextIO_WriteChar
_TEXT   33E50 STextIO_WriteLn
_TEXT   33E60 STextIO_WriteString
_TEXT   33E80 STextIO_BEGIN

------ file E:\XDSOS2\src\isoimp\StdChans.mod (library D:\XDS\lib\x86\libxdsmt.lib)
_TEXT   33EA0 StdChans_ErrChan
_TEXT   33EB0 StdChans_InChan
_TEXT   33EC0 StdChans_NullChan
_TEXT   33ED0 StdChans_OutChan
_TEXT   33EE0 StdChans_SetErrChan
_TEXT   33F00 StdChans_SetInChan
_TEXT   33F20 StdChans_SetOutChan
_TEXT   33F40 StdChans_StdErrChan
_TEXT   33F50 StdChans_StdInChan
_TEXT   33F60 StdChans_StdOutChan
_TEXT   34180 StdChans_BEGIN

------ file E:\XDSOS2\src\isoimp\Storage.mod (library D:\XDS\lib\x86\libxdsmt.lib)
_TEXT   34200 Storage_ALLOCATE
_TEXT   34220 Storage_DEALLOCATE
_TEXT   34250 Storage_IsStorageException
_TEXT   34260 Storage_StorageException
_TEXT   34270 Storage_BEGIN

------ file E:\XDSOS2\src\isoimp\Strings.mod (library D:\XDS\lib\x86\libxdsmt.lib)
_TEXT   34290 Strings_Append
_TEXT   34340 Strings_Assign
_TEXT   343D0 Strings_CanAppendAll
_TEXT   343F0 Strings_CanAssignAll
_TEXT   34400 Strings_CanConcatAll
_TEXT   34420 Strings_CanDeleteAll
_TEXT   34440 Strings_CanExtractAll
_TEXT   34460 Strings_CanInsertAll
_TEXT   34490 Strings_CanReplaceAll
_TEXT   344C0 Strings_Capitalize
_TEXT   34500 Strings_Compare
_TEXT   34520 Strings_Concat
_TEXT   345D0 Strings_Delete
_TEXT   34620 Strings_Equal
_TEXT   34650 Strings_Extract
_TEXT   34710 Strings_FindDiff
_TEXT   34770 Strings_FindNext
_TEXT   34810 Strings_FindPrev
_TEXT   348B0 Strings_Insert
_TEXT   349B0 Strings_Length
_TEXT   349D0 Strings_Replace
_TEXT   34A70 Strings_BEGIN

------ file E:\XDSOS2\src\isoimp\SysClock.mod (library D:\XDS\lib\x86\libxdsmt.lib)
_TEXT   34A90 SysClock_CanGetClock
_TEXT   34AA0 SysClock_CanSetClock
_TEXT   34AB0 SysClock_GetClock
_TEXT   34C40 SysClock_IsValidDateTime
_TEXT   34CD0 SysClock_SetClock
_TEXT   34D70 SysClock_BEGIN

------ file E:\XDSOS2\src\syslib\TERMINAT.mod (library D:\XDS\lib\x86\libxdsmt.lib)
_TEXT   34D90 TERMINATION_HasHalted
_TEXT   34DA0 TERMINATION_IsTerminating
_TEXT   34DB0 X2C_HALT
_TEXT   34DD0 X2C_ABORT
_TEXT   34E80 X2C_FINALEXE
_TEXT   34EB0 X2C_FINALDLL
_TEXT   34EE0 X2C_EXIT
_TEXT   34F30 X2C_EXITDLL
_TEXT   34F60 X2C_ini_termination
_TEXT   34F80 TERMINATION_BEGIN

------ file E:\XDSOS2\src\isoimp\TextIO.mod (library D:\XDS\lib\x86\libxdsmt.lib)
_TEXT   34FA0 TextIO_ReadChar
_TEXT   34FC0 TextIO_ReadRestLine
_TEXT   35030 TextIO_ReadString
_TEXT   35060 TextIO_ReadToken
_TEXT   35190 TextIO_SkipLine
_TEXT   351C0 TextIO_WriteChar
_TEXT   351E0 TextIO_WriteLn
_TEXT   351F0 TextIO_WriteString
_TEXT   35220 TextIO_BEGIN

------ file E:\XDSOS2\src\ulib\TimeConv.mod (library D:\XDS\lib\x86\libxdsmt.lib)
_TEXT   35240 TimeConv_AddDateDays
_TEXT   352E0 TimeConv_AddDateSecs
_TEXT   353C0 TimeConv_Compare
_TEXT   35450 TimeConv_SubDateDays
_TEXT   354C0 TimeConv_SubDateSecs
_TEXT   35530 TimeConv_TheDayNumber
_TEXT   35580 TimeConv_TheFractionNumber
_TEXT   355E0 TimeConv_WeekDay
_TEXT   35610 TimeConv_millisecs
_TEXT   35670 TimeConv_pack
_TEXT   356E0 TimeConv_time
_TEXT   35710 TimeConv_unpack
_TEXT   35730 TimeConv_weekday
_TEXT   35BF0 TimeConv_BEGIN

------ file src\xr\x86\X2C.asm (library D:\XDS\lib\x86\libxdsmt.lib)
_TEXT   35CD0 X2J_double2long
_TEXT   35CE3 X2C_TRUNCI64
_TEXT   35DCB _X2C_assign_acav
_TEXT   35DCB X2C_assign_acav
_TEXT   35DDE X2C_wasNLibInit
_TEXT   35DE4 X2C_makeNLibInit
_TEXT   35DEF X2C_wasXEntry
_TEXT   35DF5 X2C_makeXEntry

------ file src\xr\x86\fppclr.asm (library D:\XDS\lib\x86\libxdsmt.lib)
_TEXT   35E00 X2C_ClearFPP
_TEXT   35E44 X2C_InitFPP

------ file src\xr\x86\iscall.asm (library D:\XDS\lib\x86\libxdsmt.lib)
_TEXT   35E60 _X2C_IS_CALL
_TEXT   35E60 X2C_IS_CALL

------ file E:\XDSOS2\src\ulib\platform.mod (library D:\XDS\lib\x86\libxdsmt.lib)
_TEXT   35F00 platform_IsPathDelim
_TEXT   35F20 platform_BEGIN

------ file src\xr\x86\rttraps.asm (library D:\XDS\lib\x86\libxdsmt.lib)
_TEXT   35F40 X2C_TRAP_RANGE
_TEXT   35F49 X2C_TRAP_OVERFL
_TEXT   35F52 X2C_TRAP_NIL
_TEXT   35F5B X2C_TRAP_DIV
_TEXT   35F64 X2C_TRAP_INDEX
_TEXT   35F6D X2C_TRAP_BREAK
_TEXT   35F78 X2C_TrapFJump

------ file src\os\os2\sel2flat.asm (library D:\XDS\lib\x86\libxdsmt.lib)
_TEXT   35F84 X2C_SEL2FLAT

------ file src\xr\x86\setjmp.asm (library D:\XDS\lib\x86\libxdsmt.lib)
_TEXT   35F90 setjmp
_TEXT   35F90 X2C_setjmp
_TEXT   35F90 _setjmp
_TEXT   35F90 _X2C_setjmp
_TEXT   35FD1 longjmp
_TEXT   35FD1 _longjmp

------ file E:\XDSOS2\src\lib\xDevData.mod (library D:\XDS\lib\x86\libxdsmt.lib)
_TEXT   36030 xDevData_Close
_TEXT   360A0 xDevData_CurrentPos
_TEXT   36120 xDevData_ForbidAll
_TEXT   36160 xDevData_GetDID
_TEXT   36170 xDevData_GetDevData
_TEXT   36180 xDevData_HardError
_TEXT   361C0 xDevData_Length
_TEXT   36280 xDevData_MakeName
_TEXT   362F0 xDevData_Open
_TEXT   36550 xDevData_SetMode
_TEXT   365B0 xDevData_SetPos
_TEXT   36730 xDevData_SoftError
_TEXT   36770 xDevData_UnMakeName
_TEXT   37590 xDevData_BEGIN

------ file E:\XDSOS2\src\os\os2\xosCodeS.mod (library D:\XDS\lib\x86\libxdsmt.lib)
_TEXT   375F0 xosCodeSeg_calcCodeExtent
_TEXT   376C0 xosCodeSeg_BEGIN

------ file E:\XDSOS2\src\os\os2\xosDirs.mod (library D:\XDS\lib\x86\libxdsmt.lib)
_TEXT   376E0 X2C_CreateDirectory
_TEXT   37710 X2C_DirClose
_TEXT   37760 X2C_DirGetName
_TEXT   377D0 X2C_DirNext
_TEXT   37830 X2C_DirOpen
_TEXT   37910 X2C_GetCDName
_TEXT   379D0 X2C_GetCDNameLength
_TEXT   37A00 X2C_RemoveDirectory
_TEXT   37A20 X2C_SetCD
_TEXT   37B50 xosDirs_BEGIN

------ file E:\XDSOS2\src\os\os2\xosExit.mod (library D:\XDS\lib\x86\libxdsmt.lib)
_TEXT   37B70 X2C_atexit
_TEXT   37BA0 X2C_doexit
_TEXT   37BE0 xosExit_BEGIN

------ file E:\XDSOS2\src\os\os2\xosFS.mod (library D:\XDS\lib\x86\libxdsmt.lib)
_TEXT   37C00 X2C_Exists
_TEXT   37C30 X2C_FullName
_TEXT   37CE0 X2C_ModifyTime
_TEXT   37D80 X2C_Remove
_TEXT   37D90 X2C_Rename
_TEXT   37DB0 xosFS_BEGIN

------ file E:\XDSOS2\src\os\os2\xosFileI.mod (library D:\XDS\lib\x86\libxdsmt.lib)
_TEXT   37DD0 X2C_FileClose
_TEXT   37DE0 X2C_FileOpenRead
_TEXT   37E20 X2C_FileOpenWrite
_TEXT   37E60 X2C_FileRead
_TEXT   37E80 X2C_FileSeek
_TEXT   37EB0 X2C_FileWrite
_TEXT   37EE0 X2C_StdOut
_TEXT   37F00 xosFileIO_BEGIN

------ file E:\XDSOS2\src\os\os2\xosFiles.mod (library D:\XDS\lib\x86\libxdsmt.lib)
_TEXT   37F20 X2C_GetModuleName
_TEXT   37F40 X2C_IsMixAllowed
_TEXT   37F50 X2C_fChSize
_TEXT   37F90 X2C_fClose
_TEXT   37FA0 X2C_fFlush
_TEXT   37FB0 X2C_fGetFileType
_TEXT   38000 X2C_fGetStd
_TEXT   38030 X2C_fGetXAttrs
_TEXT   38060 X2C_fOpen
_TEXT   38110 X2C_fRead
_TEXT   38130 X2C_fSeek
_TEXT   381B0 X2C_fSetStd
_TEXT   381C0 X2C_fSetXAttrs
_TEXT   381E0 X2C_fSize
_TEXT   38260 X2C_fTell
_TEXT   382A0 X2C_fWrite
_TEXT   38310 xosFiles_BEGIN

------ file E:\XDSOS2\src\os\xosFmtIO.mod (library D:\XDS\lib\x86\libxdsmt.lib)
_TEXT   38330 X2C_DecToStr
_TEXT   383B0 X2C_HexToStr
_TEXT   383F0 X2C_StdOutD
_TEXT   38470 X2C_StdOutH
_TEXT   384E0 X2C_StdOutS
_TEXT   38560 xosFmtIO_BEGIN

------ file E:\XDSOS2\src\os\os2\xosFmtNL.mod (library D:\XDS\lib\x86\libxdsmt.lib)
_TEXT   38580 X2C_StdOutN
_TEXT   38590 xosFmtNL_BEGIN

------ file E:\XDSOS2\src\os\os2\xosIpts.mod (library D:\XDS\lib\x86\libxdsmt.lib)
_TEXT   385B0 X2C_DisableIpts
_TEXT   385C0 X2C_EnableIpts
_TEXT   385D0 X2C_RestoreIptHandler
_TEXT   385E0 X2C_SaveIptHandler
_TEXT   385F0 X2C_SetIptHandler
_TEXT   38600 xosIpts_BEGIN

------ file E:\XDSOS2\src\os\os2\xosMallo.mod (library D:\XDS\lib\x86\libxdsmt.lib)
_TEXT   38620 X2C_InitHeap
_TEXT   386A0 X2C_ZeroMem
_TEXT   386C0 X2C_free
_TEXT   386E0 X2C_gfree
_TEXT   386F0 X2C_gmalloc
_TEXT   38710 X2C_malloc
_TEXT   38740 xosMalloc_BEGIN

------ file E:\XDSOS2\src\os\os2\xosMem.mod (library D:\XDS\lib\x86\libxdsmt.lib)
_TEXT   38760 X2C_AllocMem
_TEXT   387B0 X2C_InitMem
_TEXT   38800 xosMem_BEGIN

------ file E:\XDSOS2\src\os\os2\xosThrea.mod (library D:\XDS\lib\x86\libxdsmt.lib)
_TEXT   38820 X2C_AcquireBoolSemaphore
_TEXT   38840 X2C_AcquireSemaphore
_TEXT   388F0 X2C_CreateBoolSemaphore
_TEXT   38920 X2C_CreateMutex
_TEXT   38950 X2C_CreateSemaphore
_TEXT   389F0 X2C_CreateThread
_TEXT   38A90 X2C_CurrentThread
_TEXT   38AC0 X2C_DeleteBoolSemaphore
_TEXT   38AD0 X2C_DeleteMutex
_TEXT   38AE0 X2C_DeleteSemaphore
_TEXT   38B10 X2C_DeleteThread
_TEXT   38B20 X2C_EnterMutex
_TEXT   38B40 X2C_ExitMutex
_TEXT   38B50 X2C_ExitThread
_TEXT   38B60 X2C_GetMyThreadId
_TEXT   38B70 X2C_GetThreadWord
_TEXT   38B80 X2C_INIT_THREADS
_TEXT   38BA0 X2C_MyThreadHandle
_TEXT   38BB0 X2C_ReleaseSemaphore
_TEXT   38BF0 X2C_ResetBoolSemaphore
_TEXT   38C10 X2C_ResumeThread
_TEXT   38C20 X2C_SemaphoreToEvent
_TEXT   38C30 X2C_SetBoolSemaphore
_TEXT   38C40 X2C_SetThreadWord
_TEXT   38C50 X2C_SuspendThread
_TEXT   38C60 X2C_SyncThreadState
_TEXT   38C70 X2C_WaitEvents
_TEXT   38D60 xosThreads_BEGIN

------ file E:\XDSOS2\src\os\os2\xosTime.mod (library D:\XDS\lib\x86\libxdsmt.lib)
_TEXT   38D80 X2C_CanGetTime
_TEXT   38D90 X2C_CanSetTime
_TEXT   38DA0 X2C_FracsPerSec
_TEXT   38DB0 X2C_GetTime
_TEXT   38E20 X2C_SetTime
_TEXT   38E70 xosTime_BEGIN

------ file E:\XDSOS2\src\xr\x86\xrAReal.mod (library D:\XDS\lib\x86\libxdsmt.lib)
_TEXT   38E90 X2C_ENTIER
_TEXT   38EE0 X2C_TRUNCC
_TEXT   38F50 X2C_TRUNCI
_TEXT   38FE0 xrAReal_BEGIN

------ file E:\XDSOS2\src\xr\xrExcept.mod (library D:\XDS\lib\x86\libxdsmt.lib)
_TEXT   39000 X2C_ASSERT_F
_TEXT   390A0 X2C_TRAP_F
_TEXT   39150 X2C_TRAP_G
_TEXT   39200 X2C_XInitHandler
_TEXT   39220 X2C_XOFF
_TEXT   39230 X2C_XON
_TEXT   39240 X2C_XREMOVE
_TEXT   39290 X2C_XRETRY
_TEXT   392D0 X2C_doRaise
_TEXT   39300 X2C_init_exceptions
_TEXT   39910 xrExceptions_BEGIN

------ file E:\XDSOS2\src\xr\x86\xrHistor.mod (library D:\XDS\lib\x86\libxdsmt.lib)
_TEXT   39930 X2C_scanStackHistory
_TEXT   39950 X2C_show_history
_TEXT   39960 X2C_show_profile
_TEXT   39970 xrHistory_BEGIN

------ file E:\XDSOS2\src\xr\xrInt64.mod (library D:\XDS\lib\x86\libxdsmt.lib)
_TEXT   39990 X2C_64TOCARD
_TEXT   399C0 X2C_64TOINT
_TEXT   39A10 X2C_ADD64
_TEXT   39AC0 X2C_CARDTO64
_TEXT   39AE0 X2C_CMP64
_TEXT   39B80 X2C_INTTO64
_TEXT   39BA0 X2C_IsNeg64
_TEXT   39BD0 X2C_MUL64
_TEXT   39C30 X2C_UnMinus64
_TEXT   39E50 xrInt64_BEGIN

------ file E:\XDSOS2\src\xr\xrM2MM.mod (library D:\XDS\lib\x86\libxdsmt.lib)
_TEXT   39E70 X2C_ALLOCATE
_TEXT   39EB0 X2C_DEALLOCATE
_TEXT   39F30 X2C_DYNALLOCATE
_TEXT   39FA0 X2C_DYNCALLOCATE
_TEXT   3A040 X2C_DYNCDEALLOCATE
_TEXT   3A060 X2C_DYNDEALLOCATE
_TEXT   3A100 xrM2MM_BEGIN

------ file E:\XDSOS2\src\xr\xrMM.mod (library D:\XDS\lib\x86\libxdsmt.lib)
_TEXT   3A120 xrMM_Align
_TEXT   3A140 xrMM_DynarrDescSize
_TEXT   3A150 xrMM_MakeBusy
_TEXT   3A1C0 xrMM_MakeFree
_TEXT   3A230 xrMM_SetGap
_TEXT   3A260 xrMM_SetNil
_TEXT   3A280 X2C_COLLECT
_TEXT   3A2B0 X2C_GC_INCREASE
_TEXT   3A330 X2C_GC_INIT
_TEXT   3A510 X2C_InitDesc
_TEXT   3A570 xrMM_allocate
_TEXT   3A750 xrMM_dealloc
_TEXT   3A950 xrMM_free_block
_TEXT   3A9E0 xrMM_ini_type_desc
_TEXT   3AEC0 xrMM_BEGIN

------ file E:\XDSOS2\src\xr\xrO2MM.mod (library D:\XDS\lib\x86\libxdsmt.lib)
_TEXT   3AEE0 X2C_DESTRUCTOR
_TEXT   3AF90 X2C_DISABLE_COMPONENT
_TEXT   3B050 X2C_DISPOSE
_TEXT   3B100 X2C_MODULEDLL
_TEXT   3B200 X2C_MODULEXE
_TEXT   3B280 X2C_NEW
_TEXT   3B2F0 X2C_NEW_OPEN
_TEXT   3C6E0 xrO2MM_BEGIN

------ file E:\XDSOS2\src\xr\xrThread.mod (library D:\XDS\lib\x86\libxdsmt.lib)
_TEXT   3C700 X2C_DelMutex
_TEXT   3C730 X2C_FreeAfterGC
_TEXT   3C770 X2C_FreeMutex
_TEXT   3C790 X2C_GetCurrent
_TEXT   3C7A0 X2C_InitThreads
_TEXT   3C870 X2C_LockMutex
_TEXT   3C890 X2C_NewMutex
_TEXT   3C8C0 X2C_PrepareToGC
_TEXT   3C9D0 X2C_RegisterThread
_TEXT   3CA30 X2C_SetCurrent
_TEXT   3CA40 X2C_StartIterateThreads
_TEXT   3CA50 X2C_StopIterateThreads
_TEXT   3CA60 X2C_UnregisterThread
_TEXT   3CAF0 xrThreads_BEGIN

------ file E:\XDSOS2\src\xr\x86\xrnCorou.mod (library D:\XDS\lib\x86\libxdsmt.lib)
_TEXT   3CB10 X2C_CopyJmpBuf
_TEXT   3CB40 X2C_IOTRANSFER
_TEXT   3CC20 X2C_InitCoroutine
_TEXT   3CC70 X2C_LockCoroutines
_TEXT   3CC80 X2C_NEWPROCESS
_TEXT   3CCD0 X2C_PROTECT
_TEXT   3CD00 X2C_RegisterCoroutine
_TEXT   3CD20 X2C_TRANSFER
_TEXT   3CDC0 X2C_UnlockCoroutines
_TEXT   3CDD0 X2C_UnregisterCoroutine
_TEXT   3CDF0 X2C_ini_coroutines
_TEXT   3CE80 X2C_reg_stackbotm
_TEXT   3D060 xrnCoroutines_BEGIN

------ file E:\XDSOS2\src\os\xrnShowH.mod (library D:\XDS\lib\x86\libxdsmt.lib)
_TEXT   3D080 X2C_EXIT_HISTORY
_TEXT   3D0E0 X2C_HISTORY_ON
_TEXT   3D100 X2C_HISTORY_REG
_TEXT   3D190 X2C_IS_CODESEG
_TEXT   3D530 xrnShowHistory_BEGIN

------ file E:\XDSOS2\src\os\os2\xrnStart.mod (library D:\XDS\lib\x86\libxdsmt.lib)
_TEXT   3D550 X2C_EstablishMain
_TEXT   3D560 X2C_SetBreakHandler
_TEXT   3D570 X2C_SetOSXHandler
_TEXT   3D590 X2C_xStart
_TEXT   3DAE0 xrnStart_BEGIN

------ file src\xr\x86\xrnStk.asm (library D:\XDS\lib\x86\libxdsmt.lib)
_TEXT   3DB00 _X2C_StackTop
_TEXT   3DB00 X2C_StackTop

------ file E:\XDSOS2\src\xr\x86\xrnStkSc.mod (library D:\XDS\lib\x86\libxdsmt.lib)
_TEXT   3DB10 X2C_STACK_SCAN_PROC
_TEXT   3DD10 xrnStkScan_BEGIN

------ file E:\XDSOS2\src\xr\x86\xrnX2C.mod (library D:\XDS\lib\x86\libxdsmt.lib)
_TEXT   3DD30 X2C_BEGIN
_TEXT   3DD70 X2C_BEGINDLL
_TEXT   3DE00 xrnX2C_BEGIN

------ file src\xr\x86\xrnacmp.asm (library D:\XDS\lib\x86\libxdsmt.lib)
_TEXT   3DE20 _X2C_adr_lss
_TEXT   3DE20 X2C_adr_lss
_TEXT   3DE2C X2C_adr_gtr
_TEXT   3DE2C _X2C_adr_gtr

------ file src\xr\x86\xrnmems.asm (library D:\XDS\lib\x86\libxdsmt.lib)
_TEXT   3DE38 _X2C_MEMSET
_TEXT   3DE38 X2C_MEMSET

------ file src\xr\x86\xrnmlng.asm (library D:\XDS\lib\x86\libxdsmt.lib)
_TEXT   3DEEC X2C_long
_TEXT   3DEFB X2C_longl
_TEXT   3DF0A X2C_ulong
_TEXT   3DF1D X2C_ulongl

------ file src\xr\x86\xrnstrcm.asm (library D:\XDS\lib\x86\libxdsmt.lib)
_TEXT   3DF30 _X2C_STRCMP_PROC
_TEXT   3DF30 X2C_STRCMP_PROC

------ file src\xr\x86\xrnstrle.asm (library D:\XDS\lib\x86\libxdsmt.lib)
_TEXT   3E090 _X2C_LENGTH
_TEXT   3E090 X2C_LENGTH

------ file E:\th024.c (library D:\XDS\lib\x86\libxdsmt.lib)
_TEXT   3E11C VioGetCurPos

------ file E:\th025.c (library D:\XDS\lib\x86\libxdsmt.lib)
_TEXT   3E166 VioSetCurPos

------ file E:\th028.c (library D:\XDS\lib\x86\libxdsmt.lib)
_TEXT   3E1A8 VioGetMode

------ file E:\th032.c (library D:\XDS\lib\x86\libxdsmt.lib)
_TEXT   3E1E5 VioReadCharStr

------ file E:\th034.c (library D:\XDS\lib\x86\libxdsmt.lib)
_TEXT   3E241 VioWrtCharStr

------ file E:\th036.c (library D:\XDS\lib\x86\libxdsmt.lib)
_TEXT   3E299 VioScrollUp

------ file E:\th040.c (library D:\XDS\lib\x86\libxdsmt.lib)
_TEXT   3E303 VioWrtNCell

------ file thunk.asm (library D:\XDS\lib\x86\libxdsmt.lib)
_TEXT   3E35C __Thunk
_TEXT   3E3AB __CallFar16
_TEXT   3E3F5 __FlatToSel
_TEXT   3E3FE __SelToFlat

------ file src\xr\x86\X2C.asm (library D:\XDS\lib\x86\libxdsmt.lib)
_DATA   527F4 X2C_HisList

------ file src\xr\x86\fppclr.asm (library D:\XDS\lib\x86\libxdsmt.lib)
_DATA   52810 X2C_FLT_USED

------ file src\xr\x86\xrnincls.asm (library D:\XDS\lib\x86\libxdsmt.lib)
_DATA   52BCC X2C_INCLs

------ file D:\Dev1\Major\src\ListChecker.mod
_BSS    60B20 ListChecker_MMctx

------ file src\xr\x86\X2C.asm (library D:\XDS\lib\x86\libxdsmt.lib)
_BSS    62430 X2C_argc
_BSS    62430 _X2C_argc
_BSS    62434 _X2C_argv
_BSS    62434 X2C_argv
_BSS    62438 _X2C_sysarg
_BSS    62438 X2C_sysarg

------ file E:\XDSOS2\src\xr\xmRTS.mod (library D:\XDS\lib\x86\libxdsmt.lib)
_BSS    62470 X2C_MODULES
_BSS    62474 X2C_assertSrc
_BSS    62478 X2C_busymem
_BSS    6247C X2C_fs_init
_BSS    6247D X2C_hline
_BSS    62481 X2C_maxmem
_BSS    62485 X2C_objects
_BSS    62489 X2C_rtsSource
_BSS    6248D X2C_threshold
_BSS    62491 X2C_usedmem
_BSS    62495 x2c_td_null
_BSS    62499 x2c_td_ptr

------ file E:\XDSOS2\src\xr\x86\xrHistor.mod (library D:\XDS\lib\x86\libxdsmt.lib)
_BSS    62F00 X2C_hisShow
_BSS    62F04 X2C_stkScan

------ file E:\XDSOS2\src\xr\xrMM.mod (library D:\XDS\lib\x86\libxdsmt.lib)
_BSS    62F40 xrMM_COLLECTOR
_BSS    62F44 xrMM_DoDefrag
_BSS    62F45 xrMM_GCAUTO
_BSS    62F46 xrMM_GCTHRESCNT
_BSS    62F4A xrMM_O2MM_init
_BSS    62F4B xrMM_b_blocks
_BSS    62F7F xrMM_blk_max
_BSS    62F83 xrMM_blk_min
_BSS    62F87 xrMM_blockno
_BSS    62F8B xrMM_cur_offs
_BSS    62F8F xrMM_cur_td
_BSS    62F93 xrMM_f_blocks
_BSS    62FC7 xrMM_parts
